2026-05-12 18:36:44,274 - INFO - 请求方式：POST
2026-05-12 18:36:44,274 - INFO - 请求url：https://reqres.in/api/login
2026-05-12 18:36:44,274 - INFO - 请求参数：{'email': 'eve.holt@reqres.in', 'password': 'pistol'}
2026-05-12 18:36:44,274 - INFO - 请求头：{'x-api-key': 'pub_7d5815ea676a7ddeba8297c2aee1c72fbed0c2b0a45dcc4f723ac0454e1bfeb6'}
2026-05-12 18:36:45,375 - INFO - 响应状态码：200
2026-05-12 18:36:45,375 - INFO - 响应内容：{"token":"QpwL5tke4Pnpja7X4","_meta":{"powered_by":"ReqRes","docs_url":"https://app.reqres.in/documentation","upgrade_url":"https://app.reqres.in/upgrade","example_url":"https://app.reqres.in/examples/notes-app","variant":"v1_a","message":"Your data persists here. Add auth, logs, and custom schemas to build a real backend.","cta":{"label":"See example app","url":"https://app.reqres.in/examples/notes-app"},"context":"legacy_success"}}
2026-05-12 18:36:45,378 - INFO - 请求方式：POST
2026-05-12 18:36:45,378 - INFO - 请求url：https://reqres.in/api/login
2026-05-12 18:36:45,378 - INFO - 请求参数：{'email': 'sydney@fife'}
2026-05-12 18:36:45,378 - INFO - 请求头：{'x-api-key': 'pub_7d5815ea676a7ddeba8297c2aee1c72fbed0c2b0a45dcc4f723ac0454e1bfeb6'}
2026-05-12 18:36:46,330 - INFO - 响应状态码：400
2026-05-12 18:36:46,330 - INFO - 响应内容：{"error":"Missing password"}
2026-05-12 18:37:24,145 - INFO - 请求方式：POST
2026-05-12 18:37:24,145 - INFO - 请求url：https://reqres.in/api/login
2026-05-12 18:37:24,145 - INFO - 请求参数：{'email': 'eve.holt@reqres.in', 'password': 'pistol'}
2026-05-12 18:37:24,145 - INFO - 请求头：{'x-api-key': 'pub_7d5815ea676a7ddeba8297c2aee1c72fbed0c2b0a45dcc4f723ac0454e1bfeb6'}
2026-05-12 18:37:25,088 - INFO - 响应状态码：200
2026-05-12 18:37:25,088 - INFO - 响应内容：{"token":"QpwL5tke4Pnpja7X4","_meta":{"powered_by":"ReqRes","docs_url":"https://app.reqres.in/documentation","upgrade_url":"https://app.reqres.in/upgrade","example_url":"https://app.reqres.in/examples/notes-app","variant":"v1_a","message":"Your data persists here. Add auth, logs, and custom schemas to build a real backend.","cta":{"label":"See example app","url":"https://app.reqres.in/examples/notes-app"},"context":"legacy_success"}}
2026-05-12 18:37:25,091 - INFO - 请求方式：GET
2026-05-12 18:37:25,091 - INFO - 请求url：https://reqres.in/api/users/2
2026-05-12 18:37:25,091 - INFO - 请求参数：None
2026-05-12 18:37:25,091 - INFO - 请求头：{'x-api-key': 'pub_7d5815ea676a7ddeba8297c2aee1c72fbed0c2b0a45dcc4f723ac0454e1bfeb6', 'Authorization': 'Bearer QpwL5tke4Pnpja7X4'}
2026-05-12 18:37:25,698 - INFO - 响应状态码：200
2026-05-12 18:37:25,698 - INFO - 响应内容：{"data":{"id":2,"email":"janet.weaver@reqres.in","first_name":"Janet","last_name":"Weaver","avatar":"https://reqres.in/img/faces/2-image.jpg"},"support":{"url":"https://benhowdle.im/first-cto-playbook?utm_source=reqres&utm_medium=json&utm_campaign=referral","text":"Become a better CTO. A playbook of painful stories and practical advice from a two-time startup CTO."},"_meta":{"powered_by":"ReqRes","docs_url":"https://app.reqres.in/documentation","upgrade_url":"https://app.reqres.in/upgrade","example_url":"https://app.reqres.in/examples/notes-app","variant":"v1_a","message":"Your data persists here. Add auth, logs, and custom schemas to build a real backend.","cta":{"label":"See example app","url":"https://app.reqres.in/examples/notes-app"},"context":"legacy_success"}}
2026-05-12 18:40:09,451 - INFO - 请求方式：POST
2026-05-12 18:40:09,451 - INFO - 请求url：https://reqres.in/api/login
2026-05-12 18:40:09,451 - INFO - 请求参数：{'email': 'eve.holt@reqres.in', 'password': 'pistol'}
2026-05-12 18:40:09,451 - INFO - 请求头：{'x-api-key': 'pub_7d5815ea676a7ddeba8297c2aee1c72fbed0c2b0a45dcc4f723ac0454e1bfeb6'}
2026-05-12 18:40:10,372 - INFO - 响应状态码：200
2026-05-12 18:40:10,372 - INFO - 响应内容：{"token":"QpwL5tke4Pnpja7X4","_meta":{"powered_by":"ReqRes","docs_url":"https://app.reqres.in/documentation","upgrade_url":"https://app.reqres.in/upgrade","example_url":"https://app.reqres.in/examples/notes-app","variant":"v1_a","message":"Your data persists here. Add auth, logs, and custom schemas to build a real backend.","cta":{"label":"See example app","url":"https://app.reqres.in/examples/notes-app"},"context":"legacy_success"}}
2026-05-12 18:40:10,376 - INFO - 请求方式：POST
2026-05-12 18:40:10,376 - INFO - 请求url：https://reqres.in/api/login
2026-05-12 18:40:10,376 - INFO - 请求参数：{'email': 'sydney@fife'}
2026-05-12 18:40:10,377 - INFO - 请求头：{'x-api-key': 'pub_7d5815ea676a7ddeba8297c2aee1c72fbed0c2b0a45dcc4f723ac0454e1bfeb6'}
2026-05-12 18:40:11,263 - INFO - 响应状态码：400
2026-05-12 18:40:11,263 - INFO - 响应内容：{"error":"Missing password"}
2026-05-12 18:40:11,266 - INFO - 请求方式：POST
2026-05-12 18:40:11,266 - INFO - 请求url：https://reqres.in/api/login
2026-05-12 18:40:11,266 - INFO - 请求参数：{'email': 'eve.holt@reqres.in', 'password': 'pistol'}
2026-05-12 18:40:11,266 - INFO - 请求头：{'x-api-key': 'pub_7d5815ea676a7ddeba8297c2aee1c72fbed0c2b0a45dcc4f723ac0454e1bfeb6'}
2026-05-12 18:40:11,908 - INFO - 响应状态码：200
2026-05-12 18:40:11,908 - INFO - 响应内容：{"token":"QpwL5tke4Pnpja7X4","_meta":{"powered_by":"ReqRes","docs_url":"https://app.reqres.in/documentation","upgrade_url":"https://app.reqres.in/upgrade","example_url":"https://app.reqres.in/examples/notes-app","variant":"v1_a","message":"Your data persists here. Add auth, logs, and custom schemas to build a real backend.","cta":{"label":"See example app","url":"https://app.reqres.in/examples/notes-app"},"context":"legacy_success"}}
2026-05-12 18:40:11,909 - INFO - 请求方式：GET
2026-05-12 18:40:11,909 - INFO - 请求url：https://reqres.in/api/users/2
2026-05-12 18:40:11,909 - INFO - 请求参数：None
2026-05-12 18:40:11,909 - INFO - 请求头：{'x-api-key': 'pub_7d5815ea676a7ddeba8297c2aee1c72fbed0c2b0a45dcc4f723ac0454e1bfeb6', 'Authorization': 'Bearer QpwL5tke4Pnpja7X4'}
2026-05-12 18:40:13,155 - INFO - 响应状态码：200
2026-05-12 18:40:13,155 - INFO - 响应内容：{"data":{"id":2,"email":"janet.weaver@reqres.in","first_name":"Janet","last_name":"Weaver","avatar":"https://reqres.in/img/faces/2-image.jpg"},"support":{"url":"https://benhowdle.im/first-cto-playbook?utm_source=reqres&utm_medium=json&utm_campaign=referral","text":"Become a better CTO. A playbook of painful stories and practical advice from a two-time startup CTO."},"_meta":{"powered_by":"ReqRes","docs_url":"https://app.reqres.in/documentation","upgrade_url":"https://app.reqres.in/upgrade","example_url":"https://app.reqres.in/examples/notes-app","variant":"v1_a","message":"Your data persists here. Add auth, logs, and custom schemas to build a real backend.","cta":{"label":"See example app","url":"https://app.reqres.in/examples/notes-app"},"context":"legacy_success"}}
2026-05-12 18:40:36,400 - INFO - 请求方式：POST
2026-05-12 18:40:36,400 - INFO - 请求url：https://reqres.in/api/login
2026-05-12 18:40:36,400 - INFO - 请求参数：{'email': 'eve.holt@reqres.in', 'password': 'pistol'}
2026-05-12 18:40:36,400 - INFO - 请求头：{'x-api-key': 'pub_7d5815ea676a7ddeba8297c2aee1c72fbed0c2b0a45dcc4f723ac0454e1bfeb6'}
2026-05-12 18:40:37,281 - INFO - 响应状态码：200
2026-05-12 18:40:37,281 - INFO - 响应内容：{"token":"QpwL5tke4Pnpja7X4","_meta":{"powered_by":"ReqRes","docs_url":"https://app.reqres.in/documentation","upgrade_url":"https://app.reqres.in/upgrade","example_url":"https://app.reqres.in/examples/notes-app","variant":"v1_a","message":"Your data persists here. Add auth, logs, and custom schemas to build a real backend.","cta":{"label":"See example app","url":"https://app.reqres.in/examples/notes-app"},"context":"legacy_success"}}
2026-05-12 18:40:37,285 - INFO - 请求方式：POST
2026-05-12 18:40:37,285 - INFO - 请求url：https://reqres.in/api/login
2026-05-12 18:40:37,285 - INFO - 请求参数：{'email': 'sydney@fife'}
2026-05-12 18:40:37,285 - INFO - 请求头：{'x-api-key': 'pub_7d5815ea676a7ddeba8297c2aee1c72fbed0c2b0a45dcc4f723ac0454e1bfeb6'}
2026-05-12 18:40:43,491 - INFO - 响应状态码：400
2026-05-12 18:40:43,491 - INFO - 响应内容：{"error":"Missing password"}
2026-05-12 18:40:43,494 - INFO - 请求方式：POST
2026-05-12 18:40:43,494 - INFO - 请求url：https://reqres.in/api/login
2026-05-12 18:40:43,494 - INFO - 请求参数：{'email': 'eve.holt@reqres.in', 'password': 'pistol'}
2026-05-12 18:40:43,494 - INFO - 请求头：{'x-api-key': 'pub_7d5815ea676a7ddeba8297c2aee1c72fbed0c2b0a45dcc4f723ac0454e1bfeb6'}
2026-05-12 18:40:45,043 - INFO - 响应状态码：200
2026-05-12 18:40:45,043 - INFO - 响应内容：{"token":"QpwL5tke4Pnpja7X4","_meta":{"powered_by":"ReqRes","docs_url":"https://app.reqres.in/documentation","upgrade_url":"https://app.reqres.in/upgrade","example_url":"https://app.reqres.in/examples/notes-app","variant":"v1_a","message":"Your data persists here. Add auth, logs, and custom schemas to build a real backend.","cta":{"label":"See example app","url":"https://app.reqres.in/examples/notes-app"},"context":"legacy_success"}}
2026-05-12 18:40:45,044 - INFO - 请求方式：GET
2026-05-12 18:40:45,044 - INFO - 请求url：https://reqres.in/api/users/2
2026-05-12 18:40:45,044 - INFO - 请求参数：None
2026-05-12 18:40:45,044 - INFO - 请求头：{'x-api-key': 'pub_7d5815ea676a7ddeba8297c2aee1c72fbed0c2b0a45dcc4f723ac0454e1bfeb6', 'Authorization': 'Bearer QpwL5tke4Pnpja7X4'}
2026-05-12 18:40:45,713 - INFO - 响应状态码：200
2026-05-12 18:40:45,713 - INFO - 响应内容：{"data":{"id":2,"email":"janet.weaver@reqres.in","first_name":"Janet","last_name":"Weaver","avatar":"https://reqres.in/img/faces/2-image.jpg"},"support":{"url":"https://benhowdle.im/first-cto-playbook?utm_source=reqres&utm_medium=json&utm_campaign=referral","text":"Become a better CTO. A playbook of painful stories and practical advice from a two-time startup CTO."},"_meta":{"powered_by":"ReqRes","docs_url":"https://app.reqres.in/documentation","upgrade_url":"https://app.reqres.in/upgrade","example_url":"https://app.reqres.in/examples/notes-app","variant":"v1_a","message":"Your data persists here. Add auth, logs, and custom schemas to build a real backend.","cta":{"label":"See example app","url":"https://app.reqres.in/examples/notes-app"},"context":"legacy_success"}}
2026-05-12 18:41:21,608 - INFO - 请求方式：POST
2026-05-12 18:41:21,608 - INFO - 请求url：https://reqres.in/api/login
2026-05-12 18:41:21,608 - INFO - 请求参数：{'email': 'eve.holt@reqres.in', 'password': 'pistol'}
2026-05-12 18:41:21,608 - INFO - 请求头：{'x-api-key': 'pub_7d5815ea676a7ddeba8297c2aee1c72fbed0c2b0a45dcc4f723ac0454e1bfeb6'}
2026-05-12 18:41:22,474 - INFO - 响应状态码：200
2026-05-12 18:41:22,474 - INFO - 响应内容：{"token":"QpwL5tke4Pnpja7X4","_meta":{"powered_by":"ReqRes","docs_url":"https://app.reqres.in/documentation","upgrade_url":"https://app.reqres.in/upgrade","example_url":"https://app.reqres.in/examples/notes-app","variant":"v1_a","message":"Your data persists here. Add auth, logs, and custom schemas to build a real backend.","cta":{"label":"See example app","url":"https://app.reqres.in/examples/notes-app"},"context":"legacy_success"}}
2026-05-12 18:41:22,479 - INFO - 请求方式：POST
2026-05-12 18:41:22,479 - INFO - 请求url：https://reqres.in/api/login
2026-05-12 18:41:22,479 - INFO - 请求参数：{'email': 'sydney@fife'}
2026-05-12 18:41:22,479 - INFO - 请求头：{'x-api-key': 'pub_7d5815ea676a7ddeba8297c2aee1c72fbed0c2b0a45dcc4f723ac0454e1bfeb6'}
2026-05-12 18:41:23,196 - INFO - 响应状态码：400
2026-05-12 18:41:23,196 - INFO - 响应内容：{"error":"Missing password"}
2026-05-12 18:41:23,203 - INFO - 请求方式：POST
2026-05-12 18:41:23,204 - INFO - 请求url：https://reqres.in/api/login
2026-05-12 18:41:23,204 - INFO - 请求参数：{'email': 'eve.holt@reqres.in', 'password': 'pistol'}
2026-05-12 18:41:23,204 - INFO - 请求头：{'x-api-key': 'pub_7d5815ea676a7ddeba8297c2aee1c72fbed0c2b0a45dcc4f723ac0454e1bfeb6'}
2026-05-12 18:41:23,886 - INFO - 响应状态码：200
2026-05-12 18:41:23,886 - INFO - 响应内容：{"token":"QpwL5tke4Pnpja7X4","_meta":{"powered_by":"ReqRes","docs_url":"https://app.reqres.in/documentation","upgrade_url":"https://app.reqres.in/upgrade","example_url":"https://app.reqres.in/examples/notes-app","variant":"v1_a","message":"Your data persists here. Add auth, logs, and custom schemas to build a real backend.","cta":{"label":"See example app","url":"https://app.reqres.in/examples/notes-app"},"context":"legacy_success"}}
2026-05-12 18:41:23,887 - INFO - 请求方式：GET
2026-05-12 18:41:23,887 - INFO - 请求url：https://reqres.in/api/users/2
2026-05-12 18:41:23,887 - INFO - 请求参数：None
2026-05-12 18:41:23,887 - INFO - 请求头：{'x-api-key': 'pub_7d5815ea676a7ddeba8297c2aee1c72fbed0c2b0a45dcc4f723ac0454e1bfeb6', 'Authorization': 'Bearer QpwL5tke4Pnpja7X4'}
2026-05-12 21:53:56,696 - INFO - 请求方式：POST
2026-05-12 21:53:56,696 - INFO - 请求url：https://reqres.in/api/login
2026-05-12 21:53:56,696 - INFO - 请求参数：{'email': 'eve.holt@reqres.in', 'password': 'pistol'}
2026-05-12 21:53:56,696 - INFO - 请求头：{'x-api-key': 'pub_7d5815ea676a7ddeba8297c2aee1c72fbed0c2b0a45dcc4f723ac0454e1bfeb6'}
2026-05-12 21:53:57,936 - INFO - 响应状态码：200
2026-05-12 21:53:57,936 - INFO - 响应内容：{"token":"QpwL5tke4Pnpja7X4","_meta":{"powered_by":"ReqRes","docs_url":"https://app.reqres.in/documentation","upgrade_url":"https://app.reqres.in/upgrade","example_url":"https://app.reqres.in/examples/notes-app","variant":"v1_a","message":"Your data persists here. Add auth, logs, and custom schemas to build a real backend.","cta":{"label":"See example app","url":"https://app.reqres.in/examples/notes-app"},"context":"legacy_success"}}
2026-05-12 21:53:57,940 - INFO - 请求方式：POST
2026-05-12 21:53:57,941 - INFO - 请求url：https://reqres.in/api/login
2026-05-12 21:53:57,941 - INFO - 请求参数：{'email': 'sydney@fife'}
2026-05-12 21:53:57,941 - INFO - 请求头：{'x-api-key': 'pub_7d5815ea676a7ddeba8297c2aee1c72fbed0c2b0a45dcc4f723ac0454e1bfeb6'}
2026-05-12 21:53:58,862 - INFO - 响应状态码：400
2026-05-12 21:53:58,862 - INFO - 响应内容：{"error":"Missing password"}
2026-05-12 21:53:58,864 - INFO - 请求方式：POST
2026-05-12 21:53:58,864 - INFO - 请求url：https://reqres.in/api/login
2026-05-12 21:53:58,864 - INFO - 请求参数：{'email': 'eve.holt@reqres.in', 'password': 'pistol'}
2026-05-12 21:53:58,864 - INFO - 请求头：{'x-api-key': 'pub_7d5815ea676a7ddeba8297c2aee1c72fbed0c2b0a45dcc4f723ac0454e1bfeb6'}
2026-05-12 21:53:59,924 - INFO - 响应状态码：200
2026-05-12 21:53:59,924 - INFO - 响应内容：{"token":"QpwL5tke4Pnpja7X4","_meta":{"powered_by":"ReqRes","docs_url":"https://app.reqres.in/documentation","upgrade_url":"https://app.reqres.in/upgrade","example_url":"https://app.reqres.in/examples/notes-app","variant":"v1_a","message":"Your data persists here. Add auth, logs, and custom schemas to build a real backend.","cta":{"label":"See example app","url":"https://app.reqres.in/examples/notes-app"},"context":"legacy_success"}}
2026-05-12 21:53:59,925 - INFO - 请求方式：GET
2026-05-12 21:53:59,925 - INFO - 请求url：https://reqres.in/api/users/2
2026-05-12 21:53:59,925 - INFO - 请求参数：None
2026-05-12 21:53:59,925 - INFO - 请求头：{'x-api-key': 'pub_7d5815ea676a7ddeba8297c2aee1c72fbed0c2b0a45dcc4f723ac0454e1bfeb6', 'Authorization': 'Bearer QpwL5tke4Pnpja7X4'}
2026-05-12 21:54:01,616 - INFO - 响应状态码：200
2026-05-12 21:54:01,616 - INFO - 响应内容：{"data":{"id":2,"email":"janet.weaver@reqres.in","first_name":"Janet","last_name":"Weaver","avatar":"https://reqres.in/img/faces/2-image.jpg"},"support":{"url":"https://benhowdle.im/first-cto-playbook?utm_source=reqres&utm_medium=json&utm_campaign=referral","text":"Become a better CTO. A playbook of painful stories and practical advice from a two-time startup CTO."},"_meta":{"powered_by":"ReqRes","docs_url":"https://app.reqres.in/documentation","upgrade_url":"https://app.reqres.in/upgrade","example_url":"https://app.reqres.in/examples/notes-app","variant":"v1_a","message":"Your data persists here. Add auth, logs, and custom schemas to build a real backend.","cta":{"label":"See example app","url":"https://app.reqres.in/examples/notes-app"},"context":"legacy_success"}}
2026-05-18 17:57:27,985 - INFO - 请求方式：POST
2026-05-18 17:57:27,986 - INFO - 请求url：https://reqres.in/api/login
2026-05-18 17:57:27,986 - INFO - 请求参数：{'email': 'eve.holt@reqres.in', 'password': 'pistol'}
2026-05-18 17:57:27,986 - INFO - 请求头：{'x-api-key': 'pub_7d5815ea676a7ddeba8297c2aee1c72fbed0c2b0a45dcc4f723ac0454e1bfeb6'}
2026-05-18 17:57:28,969 - INFO - 响应状态码：200
2026-05-18 17:57:28,969 - INFO - 响应内容：{"token":"QpwL5tke4Pnpja7X4","_meta":{"powered_by":"ReqRes","docs_url":"https://app.reqres.in/documentation","upgrade_url":"https://app.reqres.in/upgrade","example_url":"https://app.reqres.in/examples/notes-app","variant":"v1_a","message":"Your data persists here. Add auth, logs, and custom schemas to build a real backend.","cta":{"label":"See example app","url":"https://app.reqres.in/examples/notes-app"},"context":"legacy_success"}}
2026-05-18 17:57:28,971 - INFO - 请求方式：POST
2026-05-18 17:57:28,971 - INFO - 请求url：https://reqres.in/api/login
2026-05-18 17:57:28,971 - INFO - 请求参数：{'email': 'sydney@fife'}
2026-05-18 17:57:28,972 - INFO - 请求头：{'x-api-key': 'pub_7d5815ea676a7ddeba8297c2aee1c72fbed0c2b0a45dcc4f723ac0454e1bfeb6'}
2026-05-18 17:57:29,811 - INFO - 响应状态码：400
2026-05-18 17:57:29,812 - INFO - 响应内容：{"error":"Missing password"}
2026-05-18 17:57:29,813 - INFO - 请求方式：POST
2026-05-18 17:57:29,813 - INFO - 请求url：https://reqres.in/api/login
2026-05-18 17:57:29,813 - INFO - 请求参数：{'email': 'eve.holt@reqres.in', 'password': 'pistol'}
2026-05-18 17:57:29,813 - INFO - 请求头：{'x-api-key': 'pub_7d5815ea676a7ddeba8297c2aee1c72fbed0c2b0a45dcc4f723ac0454e1bfeb6'}
2026-05-18 17:57:30,573 - INFO - 响应状态码：200
2026-05-18 17:57:30,573 - INFO - 响应内容：{"token":"QpwL5tke4Pnpja7X4","_meta":{"powered_by":"ReqRes","docs_url":"https://app.reqres.in/documentation","upgrade_url":"https://app.reqres.in/upgrade","example_url":"https://app.reqres.in/examples/notes-app","variant":"v1_a","message":"Your data persists here. Add auth, logs, and custom schemas to build a real backend.","cta":{"label":"See example app","url":"https://app.reqres.in/examples/notes-app"},"context":"legacy_success"}}
2026-05-18 17:57:30,574 - INFO - 请求方式：GET
2026-05-18 17:57:30,575 - INFO - 请求url：https://reqres.in/api/users/2
2026-05-18 17:57:30,575 - INFO - 请求参数：None
2026-05-18 17:57:30,575 - INFO - 请求头：{'x-api-key': 'pub_7d5815ea676a7ddeba8297c2aee1c72fbed0c2b0a45dcc4f723ac0454e1bfeb6', 'Authorization': 'Bearer QpwL5tke4Pnpja7X4'}
2026-05-18 17:57:31,112 - INFO - 响应状态码：200
2026-05-18 17:57:31,112 - INFO - 响应内容：{"data":{"id":2,"email":"janet.weaver@reqres.in","first_name":"Janet","last_name":"Weaver","avatar":"https://reqres.in/img/faces/2-image.jpg"},"support":{"url":"https://benhowdle.im/first-cto-playbook?utm_source=reqres&utm_medium=json&utm_campaign=referral","text":"Become a better CTO. A playbook of painful stories and practical advice from a two-time startup CTO."},"_meta":{"powered_by":"ReqRes","docs_url":"https://app.reqres.in/documentation","upgrade_url":"https://app.reqres.in/upgrade","example_url":"https://app.reqres.in/examples/notes-app","variant":"v1_a","message":"Your data persists here. Add auth, logs, and custom schemas to build a real backend.","cta":{"label":"See example app","url":"https://app.reqres.in/examples/notes-app"},"context":"legacy_success"}}
2026-05-18 18:13:42,592 - INFO - 请求方式：POST
2026-05-18 18:13:42,594 - INFO - 请求url：https://reqres.in/api/login
2026-05-18 18:13:42,594 - INFO - 请求参数：{'email': 'eve.holt@reqres.in', 'password': 'pistol'}
2026-05-18 18:13:42,594 - INFO - 请求头：{'x-api-key': 'pub_7d5815ea676a7ddeba8297c2aee1c72fbed0c2b0a45dcc4f723ac0454e1bfeb6'}
2026-05-18 18:13:43,449 - INFO - 响应状态码：200
2026-05-18 18:13:43,449 - INFO - 响应内容：{"token":"QpwL5tke4Pnpja7X4","_meta":{"powered_by":"ReqRes","docs_url":"https://app.reqres.in/documentation","upgrade_url":"https://app.reqres.in/upgrade","example_url":"https://app.reqres.in/examples/notes-app","variant":"v1_a","message":"Your data persists here. Add auth, logs, and custom schemas to build a real backend.","cta":{"label":"See example app","url":"https://app.reqres.in/examples/notes-app"},"context":"legacy_success"}}
2026-05-18 18:13:43,453 - INFO - 请求方式：POST
2026-05-18 18:13:43,453 - INFO - 请求url：https://reqres.in/api/login
2026-05-18 18:13:43,453 - INFO - 请求参数：{'email': 'sydney@fife'}
2026-05-18 18:13:43,453 - INFO - 请求头：{'x-api-key': 'pub_7d5815ea676a7ddeba8297c2aee1c72fbed0c2b0a45dcc4f723ac0454e1bfeb6'}
2026-05-18 18:13:44,220 - INFO - 响应状态码：400
2026-05-18 18:13:44,220 - INFO - 响应内容：{"error":"Missing password"}
2026-05-18 18:13:44,222 - INFO - 请求方式：POST
2026-05-18 18:13:44,222 - INFO - 请求url：https://reqres.in/api/login
2026-05-18 18:13:44,222 - INFO - 请求参数：None
2026-05-18 18:13:44,222 - INFO - 请求头：{'x-api-key': 'pub_7d5815ea676a7ddeba8297c2aee1c72fbed0c2b0a45dcc4f723ac0454e1bfeb6'}
2026-05-18 18:13:45,035 - INFO - 响应状态码：200
2026-05-18 18:13:45,035 - INFO - 响应内容：{"token":"QpwL5tke4Pnpja7X4","_meta":{"powered_by":"ReqRes","docs_url":"https://app.reqres.in/documentation","upgrade_url":"https://app.reqres.in/upgrade","example_url":"https://app.reqres.in/examples/notes-app","variant":"v1_a","message":"Your data persists here. Add auth, logs, and custom schemas to build a real backend.","cta":{"label":"See example app","url":"https://app.reqres.in/examples/notes-app"},"context":"legacy_success"}}
2026-05-18 18:13:45,036 - INFO - 请求方式：GET
2026-05-18 18:13:45,036 - INFO - 请求url：https://reqres.in/api/users/2
2026-05-18 18:13:45,036 - INFO - 请求参数：None
2026-05-18 18:13:45,036 - INFO - 请求头：{'x-api-key': 'pub_7d5815ea676a7ddeba8297c2aee1c72fbed0c2b0a45dcc4f723ac0454e1bfeb6', 'Authorization': 'Bearer QpwL5tke4Pnpja7X4'}
2026-05-18 18:13:45,785 - INFO - 响应状态码：200
2026-05-18 18:13:45,786 - INFO - 响应内容：{"data":{"id":2,"email":"janet.weaver@reqres.in","first_name":"Janet","last_name":"Weaver","avatar":"https://reqres.in/img/faces/2-image.jpg"},"support":{"url":"https://benhowdle.im/first-cto-playbook?utm_source=reqres&utm_medium=json&utm_campaign=referral","text":"Become a better CTO. A playbook of painful stories and practical advice from a two-time startup CTO."},"_meta":{"powered_by":"ReqRes","docs_url":"https://app.reqres.in/documentation","upgrade_url":"https://app.reqres.in/upgrade","example_url":"https://app.reqres.in/examples/notes-app","variant":"v1_a","message":"Your data persists here. Add auth, logs, and custom schemas to build a real backend.","cta":{"label":"See example app","url":"https://app.reqres.in/examples/notes-app"},"context":"legacy_success"}}
2026-05-18 18:27:25,485 - INFO - 请求方式：POST
2026-05-18 18:27:25,485 - INFO - 请求url：https://reqres.in/api/login
2026-05-18 18:27:25,485 - INFO - 请求参数：{'email': 'eve.holt@reqres.in', 'password': 'pistol'}
2026-05-18 18:27:25,485 - INFO - 请求头：{'x-api-key': 'pub_7d5815ea676a7ddeba8297c2aee1c72fbed0c2b0a45dcc4f723ac0454e1bfeb6'}
2026-05-18 18:27:26,250 - INFO - 响应状态码：200
2026-05-18 18:27:26,250 - INFO - 响应内容：{"token":"QpwL5tke4Pnpja7X4","_meta":{"powered_by":"ReqRes","docs_url":"https://app.reqres.in/documentation","upgrade_url":"https://app.reqres.in/upgrade","example_url":"https://app.reqres.in/examples/notes-app","variant":"v1_a","message":"Your data persists here. Add auth, logs, and custom schemas to build a real backend.","cta":{"label":"See example app","url":"https://app.reqres.in/examples/notes-app"},"context":"legacy_success"}}
2026-05-18 18:27:26,254 - INFO - 请求方式：POST
2026-05-18 18:27:26,254 - INFO - 请求url：https://reqres.in/api/login
2026-05-18 18:27:26,254 - INFO - 请求参数：{'email': 'sydney@fife'}
2026-05-18 18:27:26,254 - INFO - 请求头：{'x-api-key': 'pub_7d5815ea676a7ddeba8297c2aee1c72fbed0c2b0a45dcc4f723ac0454e1bfeb6'}
2026-05-18 18:27:27,024 - INFO - 响应状态码：400
2026-05-18 18:27:27,024 - INFO - 响应内容：{"error":"Missing password"}
2026-05-18 18:27:27,028 - INFO - 请求方式：POST
2026-05-18 18:27:27,028 - INFO - 请求url：https://reqres.in/api/login
2026-05-18 18:27:27,028 - INFO - 请求参数：None
2026-05-18 18:27:27,028 - INFO - 请求头：{'x-api-key': 'pub_7d5815ea676a7ddeba8297c2aee1c72fbed0c2b0a45dcc4f723ac0454e1bfeb6'}
2026-05-18 18:27:27,886 - INFO - 响应状态码：200
2026-05-18 18:27:27,886 - INFO - 响应内容：{"token":"QpwL5tke4Pnpja7X4","_meta":{"powered_by":"ReqRes","docs_url":"https://app.reqres.in/documentation","upgrade_url":"https://app.reqres.in/upgrade","example_url":"https://app.reqres.in/examples/notes-app","variant":"v1_a","message":"Your data persists here. Add auth, logs, and custom schemas to build a real backend.","cta":{"label":"See example app","url":"https://app.reqres.in/examples/notes-app"},"context":"legacy_success"}}
2026-05-18 18:27:27,888 - INFO - 请求方式：GET
2026-05-18 18:27:27,888 - INFO - 请求url：https://reqres.in/api/users/2
2026-05-18 18:27:27,888 - INFO - 请求参数：None
2026-05-18 18:27:27,888 - INFO - 请求头：{'x-api-key': 'pub_7d5815ea676a7ddeba8297c2aee1c72fbed0c2b0a45dcc4f723ac0454e1bfeb6', 'Authorization': 'Bearer QpwL5tke4Pnpja7X4'}
2026-05-18 18:27:28,449 - INFO - 响应状态码：200
2026-05-18 18:27:28,449 - INFO - 响应内容：{"data":{"id":2,"email":"janet.weaver@reqres.in","first_name":"Janet","last_name":"Weaver","avatar":"https://reqres.in/img/faces/2-image.jpg"},"support":{"url":"https://benhowdle.im/first-cto-playbook?utm_source=reqres&utm_medium=json&utm_campaign=referral","text":"Become a better CTO. A playbook of painful stories and practical advice from a two-time startup CTO."},"_meta":{"powered_by":"ReqRes","docs_url":"https://app.reqres.in/documentation","upgrade_url":"https://app.reqres.in/upgrade","example_url":"https://app.reqres.in/examples/notes-app","variant":"v1_a","message":"Your data persists here. Add auth, logs, and custom schemas to build a real backend.","cta":{"label":"See example app","url":"https://app.reqres.in/examples/notes-app"},"context":"legacy_success"}}
2026-05-18 18:37:34,952 - INFO - 请求方式：POST
2026-05-18 18:37:34,954 - INFO - 请求url：https://reqres.in/api/login
2026-05-18 18:37:34,954 - INFO - 请求参数：{'email': 'eve.holt@reqres.in', 'password': 'pistol'}
2026-05-18 18:37:34,954 - INFO - 请求头：{'x-api-key': 'pub_7d5815ea676a7ddeba8297c2aee1c72fbed0c2b0a45dcc4f723ac0454e1bfeb6'}
2026-05-18 18:37:35,797 - INFO - 响应状态码：200
2026-05-18 18:37:35,797 - INFO - 响应内容：{"token":"QpwL5tke4Pnpja7X4","_meta":{"powered_by":"ReqRes","docs_url":"https://app.reqres.in/documentation","upgrade_url":"https://app.reqres.in/upgrade","example_url":"https://app.reqres.in/examples/notes-app","variant":"v1_a","message":"Your data persists here. Add auth, logs, and custom schemas to build a real backend.","cta":{"label":"See example app","url":"https://app.reqres.in/examples/notes-app"},"context":"legacy_success"}}
2026-05-18 18:37:35,800 - INFO - 请求方式：POST
2026-05-18 18:37:35,800 - INFO - 请求url：https://reqres.in/api/login
2026-05-18 18:37:35,800 - INFO - 请求参数：{'email': 'sydney@fife'}
2026-05-18 18:37:35,800 - INFO - 请求头：{'x-api-key': 'pub_7d5815ea676a7ddeba8297c2aee1c72fbed0c2b0a45dcc4f723ac0454e1bfeb6'}
2026-05-18 18:37:36,960 - INFO - 响应状态码：400
2026-05-18 18:37:36,960 - INFO - 响应内容：{"error":"Missing password"}
2026-05-18 18:37:36,965 - INFO - 请求方式：POST
2026-05-18 18:37:36,966 - INFO - 请求url：https://reqres.in/api/login
2026-05-18 18:37:36,966 - INFO - 请求参数：None
2026-05-18 18:37:36,966 - INFO - 请求头：{'x-api-key': 'pub_7d5815ea676a7ddeba8297c2aee1c72fbed0c2b0a45dcc4f723ac0454e1bfeb6'}
2026-05-18 18:37:37,749 - INFO - 响应状态码：200
2026-05-18 18:37:37,749 - INFO - 响应内容：{"token":"QpwL5tke4Pnpja7X4","_meta":{"powered_by":"ReqRes","docs_url":"https://app.reqres.in/documentation","upgrade_url":"https://app.reqres.in/upgrade","example_url":"https://app.reqres.in/examples/notes-app","variant":"v1_a","message":"Your data persists here. Add auth, logs, and custom schemas to build a real backend.","cta":{"label":"See example app","url":"https://app.reqres.in/examples/notes-app"},"context":"legacy_success"}}
2026-05-18 18:37:37,751 - INFO - 请求方式：GET
2026-05-18 18:37:37,751 - INFO - 请求url：https://reqres.in/api/users/2
2026-05-18 18:37:37,751 - INFO - 请求参数：None
2026-05-18 18:37:37,751 - INFO - 请求头：{'x-api-key': 'pub_7d5815ea676a7ddeba8297c2aee1c72fbed0c2b0a45dcc4f723ac0454e1bfeb6', 'Authorization': 'Bearer QpwL5tke4Pnpja7X4'}
2026-05-18 18:37:38,414 - INFO - 响应状态码：200
2026-05-18 18:37:38,415 - INFO - 响应内容：{"data":{"id":2,"email":"janet.weaver@reqres.in","first_name":"Janet","last_name":"Weaver","avatar":"https://reqres.in/img/faces/2-image.jpg"},"support":{"url":"https://benhowdle.im/first-cto-playbook?utm_source=reqres&utm_medium=json&utm_campaign=referral","text":"Become a better CTO. A playbook of painful stories and practical advice from a two-time startup CTO."},"_meta":{"powered_by":"ReqRes","docs_url":"https://app.reqres.in/documentation","upgrade_url":"https://app.reqres.in/upgrade","example_url":"https://app.reqres.in/examples/notes-app","variant":"v1_a","message":"Your data persists here. Add auth, logs, and custom schemas to build a real backend.","cta":{"label":"See example app","url":"https://app.reqres.in/examples/notes-app"},"context":"legacy_success"}}
